Traceback (most recent call last):
  File "<frozen runpy>", line 198, in _run_module_as_main
  File "<frozen runpy>", line 88, in _run_code
  File "/mnt/d/aphrc/lishebora_vic/.venv/lib/python3.12/site-packages/uvicorn/__main__.py", line 4, in <module>
    uvicorn.main()
  File "/mnt/d/aphrc/lishebora_vic/.venv/lib/python3.12/site-packages/click/core.py", line 1485, in __call__
    return self.main(*args, **kwargs)
           ^^^^^^^^^^^^^^^^^^^^^^^^^^
  File "/mnt/d/aphrc/lishebora_vic/.venv/lib/python3.12/site-packages/click/core.py", line 1406, in main
    rv = self.invoke(ctx)
         ^^^^^^^^^^^^^^^^
  File "/mnt/d/aphrc/lishebora_vic/.venv/lib/python3.12/site-packages/click/core.py", line 1269, in invoke
    return ctx.invoke(self.callback, **ctx.params)
           ^^^^^^^^^^^^^^^^^^^^^^^^^^^^^^^^^^^^^^^
  File "/mnt/d/aphrc/lishebora_vic/.venv/lib/python3.12/site-packages/click/core.py", line 824, in invoke
    return callback(*args, **kwargs)
           ^^^^^^^^^^^^^^^^^^^^^^^^^
  File "/mnt/d/aphrc/lishebora_vic/.venv/lib/python3.12/site-packages/uvicorn/main.py", line 410, in main
    run(
  File "/mnt/d/aphrc/lishebora_vic/.venv/lib/python3.12/site-packages/uvicorn/main.py", line 577, in run
    server.run()
  File "/mnt/d/aphrc/lishebora_vic/.venv/lib/python3.12/site-packages/uvicorn/server.py", line 65, in run
    return asyncio.run(self.serve(sockets=sockets))
           ^^^^^^^^^^^^^^^^^^^^^^^^^^^^^^^^^^^^^^^^
  File "/home/guest566/miniforge3/lib/python3.12/asyncio/runners.py", line 195, in run
    return runner.run(main)
           ^^^^^^^^^^^^^^^^
  File "/home/guest566/miniforge3/lib/python3.12/asyncio/runners.py", line 118, in run
    return self._loop.run_until_complete(task)
           ^^^^^^^^^^^^^^^^^^^^^^^^^^^^^^^^^^^
  File "uvloop/loop.pyx", line 1518, in uvloop.loop.Loop.run_until_complete
  File "/mnt/d/aphrc/lishebora_vic/.venv/lib/python3.12/site-packages/uvicorn/server.py", line 69, in serve
    await self._serve(sockets)
  File "/mnt/d/aphrc/lishebora_vic/.venv/lib/python3.12/site-packages/uvicorn/server.py", line 76, in _serve
    config.load()
  File "/mnt/d/aphrc/lishebora_vic/.venv/lib/python3.12/site-packages/uvicorn/config.py", line 434, in load
    self.loaded_app = import_from_string(self.app)
                      ^^^^^^^^^^^^^^^^^^^^^^^^^^^^
  File "/mnt/d/aphrc/lishebora_vic/.venv/lib/python3.12/site-packages/uvicorn/importer.py", line 22, in import_from_string
    raise exc from None
  File "/mnt/d/aphrc/lishebora_vic/.venv/lib/python3.12/site-packages/uvicorn/importer.py", line 19, in import_from_string
    module = importlib.import_module(module_str)
             ^^^^^^^^^^^^^^^^^^^^^^^^^^^^^^^^^^^
  File "/home/guest566/miniforge3/lib/python3.12/importlib/__init__.py", line 90, in import_module
    return _bootstrap._gcd_import(name[level:], package, level)
           ^^^^^^^^^^^^^^^^^^^^^^^^^^^^^^^^^^^^^^^^^^^^^^^^^^^^
  File "<frozen importlib._bootstrap>", line 1387, in _gcd_import
  File "<frozen importlib._bootstrap>", line 1360, in _find_and_load
  File "<frozen importlib._bootstrap>", line 1331, in _find_and_load_unlocked
  File "<frozen importlib._bootstrap>", line 935, in _load_unlocked
  File "<frozen importlib._bootstrap_external>", line 999, in exec_module
  File "<frozen importlib._bootstrap>", line 488, in _call_with_frames_removed
  File "/mnt/d/aphrc/lishebora_vic/app/main.py", line 8, in <module>
    from app.db import get_db
  File "/mnt/d/aphrc/lishebora_vic/app/db.py", line 10, in <module>
    engine = create_engine(
             ^^^^^^^^^^^^^^
  File "<string>", line 2, in create_engine
  File "/mnt/d/aphrc/lishebora_vic/.venv/lib/python3.12/site-packages/sqlalchemy/util/deprecations.py", line 281, in warned
    return fn(*args, **kwargs)  # type: ignore[no-any-return]
           ^^^^^^^^^^^^^^^^^^^
  File "/mnt/d/aphrc/lishebora_vic/.venv/lib/python3.12/site-packages/sqlalchemy/engine/create.py", line 599, in create_engine
    dbapi = dbapi_meth(**dbapi_args)
            ^^^^^^^^^^^^^^^^^^^^^^^^
  File "/mnt/d/aphrc/lishebora_vic/.venv/lib/python3.12/site-packages/sqlalchemy/dialects/postgresql/psycopg.py", line 407, in import_dbapi
    import psycopg
ModuleNotFoundError: No module named 'psycopg'
Traceback (most recent call last):
  File "<frozen runpy>", line 198, in _run_module_as_main
  File "<frozen runpy>", line 88, in _run_code
  File "/mnt/d/aphrc/lishebora_vic/.venv/lib/python3.12/site-packages/uvicorn/__main__.py", line 4, in <module>
    uvicorn.main()
  File "/mnt/d/aphrc/lishebora_vic/.venv/lib/python3.12/site-packages/click/core.py", line 1485, in __call__
    return self.main(*args, **kwargs)
           ^^^^^^^^^^^^^^^^^^^^^^^^^^
  File "/mnt/d/aphrc/lishebora_vic/.venv/lib/python3.12/site-packages/click/core.py", line 1406, in main
    rv = self.invoke(ctx)
         ^^^^^^^^^^^^^^^^
  File "/mnt/d/aphrc/lishebora_vic/.venv/lib/python3.12/site-packages/click/core.py", line 1269, in invoke
    return ctx.invoke(self.callback, **ctx.params)
           ^^^^^^^^^^^^^^^^^^^^^^^^^^^^^^^^^^^^^^^
  File "/mnt/d/aphrc/lishebora_vic/.venv/lib/python3.12/site-packages/click/core.py", line 824, in invoke
    return callback(*args, **kwargs)
           ^^^^^^^^^^^^^^^^^^^^^^^^^
  File "/mnt/d/aphrc/lishebora_vic/.venv/lib/python3.12/site-packages/uvicorn/main.py", line 410, in main
    run(
  File "/mnt/d/aphrc/lishebora_vic/.venv/lib/python3.12/site-packages/uvicorn/main.py", line 577, in run
    server.run()
  File "/mnt/d/aphrc/lishebora_vic/.venv/lib/python3.12/site-packages/uvicorn/server.py", line 65, in run
    return asyncio.run(self.serve(sockets=sockets))
           ^^^^^^^^^^^^^^^^^^^^^^^^^^^^^^^^^^^^^^^^
  File "/home/guest566/miniforge3/lib/python3.12/asyncio/runners.py", line 195, in run
    return runner.run(main)
           ^^^^^^^^^^^^^^^^
  File "/home/guest566/miniforge3/lib/python3.12/asyncio/runners.py", line 118, in run
    return self._loop.run_until_complete(task)
           ^^^^^^^^^^^^^^^^^^^^^^^^^^^^^^^^^^^
  File "uvloop/loop.pyx", line 1518, in uvloop.loop.Loop.run_until_complete
  File "/mnt/d/aphrc/lishebora_vic/.venv/lib/python3.12/site-packages/uvicorn/server.py", line 69, in serve
    await self._serve(sockets)
  File "/mnt/d/aphrc/lishebora_vic/.venv/lib/python3.12/site-packages/uvicorn/server.py", line 76, in _serve
    config.load()
  File "/mnt/d/aphrc/lishebora_vic/.venv/lib/python3.12/site-packages/uvicorn/config.py", line 434, in load
    self.loaded_app = import_from_string(self.app)
                      ^^^^^^^^^^^^^^^^^^^^^^^^^^^^
  File "/mnt/d/aphrc/lishebora_vic/.venv/lib/python3.12/site-packages/uvicorn/importer.py", line 22, in import_from_string
    raise exc from None
  File "/mnt/d/aphrc/lishebora_vic/.venv/lib/python3.12/site-packages/uvicorn/importer.py", line 19, in import_from_string
    module = importlib.import_module(module_str)
             ^^^^^^^^^^^^^^^^^^^^^^^^^^^^^^^^^^^
  File "/home/guest566/miniforge3/lib/python3.12/importlib/__init__.py", line 90, in import_module
    return _bootstrap._gcd_import(name[level:], package, level)
           ^^^^^^^^^^^^^^^^^^^^^^^^^^^^^^^^^^^^^^^^^^^^^^^^^^^^
  File "<frozen importlib._bootstrap>", line 1387, in _gcd_import
  File "<frozen importlib._bootstrap>", line 1360, in _find_and_load
  File "<frozen importlib._bootstrap>", line 1331, in _find_and_load_unlocked
  File "<frozen importlib._bootstrap>", line 935, in _load_unlocked
  File "<frozen importlib._bootstrap_external>", line 999, in exec_module
  File "<frozen importlib._bootstrap>", line 488, in _call_with_frames_removed
  File "/mnt/d/aphrc/lishebora_vic/app/main.py", line 8, in <module>
    from app.db import get_db
  File "/mnt/d/aphrc/lishebora_vic/app/db.py", line 10, in <module>
    engine = create_engine(
             ^^^^^^^^^^^^^^
  File "<string>", line 2, in create_engine
  File "/mnt/d/aphrc/lishebora_vic/.venv/lib/python3.12/site-packages/sqlalchemy/util/deprecations.py", line 281, in warned
    return fn(*args, **kwargs)  # type: ignore[no-any-return]
           ^^^^^^^^^^^^^^^^^^^
  File "/mnt/d/aphrc/lishebora_vic/.venv/lib/python3.12/site-packages/sqlalchemy/engine/create.py", line 599, in create_engine
    dbapi = dbapi_meth(**dbapi_args)
            ^^^^^^^^^^^^^^^^^^^^^^^^
  File "/mnt/d/aphrc/lishebora_vic/.venv/lib/python3.12/site-packages/sqlalchemy/dialects/postgresql/psycopg.py", line 407, in import_dbapi
    import psycopg
ModuleNotFoundError: No module named 'psycopg'
